[info] welcome to sbt 1.12.4 (Homebrew Java 25.0.2)
[info] loading settings for project cats-collections-build from plugins.sbt...
[info] loading project definition from /Users/krrish/Documents/cats-collections/project
[info] loading settings for project root from build.sbt, mima.sbt...
[info] resolving key references (18540 settings) ...
[info] set scmInfo to https://github.com/typelevel/cats-collections
[info] set current project to root (in build file:/Users/krrish/Documents/cats-collections/)
[info] Executing in batch mode. For better performance use sbt's shell
[info] compiling 27 Scala sources to /Users/krrish/Documents/cats-collections/core/.js/target/scala-2.12/classes ...
[info] compiling 27 Scala sources to /Users/krrish/Documents/cats-collections/core/.jvm/target/scala-2.12/classes ...
[info] compiling 27 Scala sources to /Users/krrish/Documents/cats-collections/core/.native/target/scala-2.12/classes ...
[info] Non-compiled module 'compiler-bridge_2.12' for Scala 2.12.21. Compiling...
[info]   Compilation completed in 2.898s.
[info] done compiling
[info] compiling 9 Scala sources to /Users/krrish/Documents/cats-collections/scalacheck/.jvm/target/scala-2.12/classes ...
[info] compiling 2 Scala sources to /Users/krrish/Documents/cats-collections/laws/.jvm/target/scala-2.12/classes ...
[info] compiling 10 Scala sources to /Users/krrish/Documents/cats-collections/bench/target/scala-2.12/classes ...
[info] done compiling
[info] done compiling
[info] done compiling
[info] done compiling
[info] compiling 9 Scala sources to /Users/krrish/Documents/cats-collections/scalacheck/.js/target/scala-2.12/classes ...
[info] compiling 2 Scala sources to /Users/krrish/Documents/cats-collections/laws/.js/target/scala-2.12/classes ...
[info] done compiling
[info] compiling 2 Scala sources to /Users/krrish/Documents/cats-collections/laws/.native/target/scala-2.12/classes ...
[info] compiling 9 Scala sources to /Users/krrish/Documents/cats-collections/scalacheck/.native/target/scala-2.12/classes ...
[info] done compiling
[info] done compiling
[info] done compiling
[info] done compiling
[info] compiling 1 Scala source to /Users/krrish/Documents/cats-collections/tests/.js/target/scala-2.12/classes ...
[info] done compiling
[info] compiling 1 Scala source to /Users/krrish/Documents/cats-collections/tests/.jvm/target/scala-2.12/classes ...
[info] done compiling
[info] compiling 1 Scala source to /Users/krrish/Documents/cats-collections/tests/.native/target/scala-2.12/classes ...
[info] done compiling
[success] Total time: 56 s, completed 27 Feb 2026, 1:39:29 am
